// Jest Snapshot v1, https://goo.gl/fbAQLP

exports[`Foobar renders a default state 1`] = `
<div>
  <div
    class="fui-Foobar"
  >
    Default Foobar
  </div>
</div>
`;
